app/(dashboard)/analytics/analytics-client.tsx(4,75): error TS2307: Cannot find module '@/components/ui/card' or its corresponding type declarations.
app/(dashboard)/analytics/page.tsx(16,25): error TS7053: Element implicitly has an 'any' type because expression of type 'any' can't be used to index type '{ readonly admin: { readonly canViewAllTickets: true; readonly canCreateTickets: true; readonly canUpdateTickets: true; readonly canCloseTickets: true; readonly canManageUsers: true; readonly canManageProperties: true; readonly canBlockProperties: true; readonly canManageProviders: true; readonly canViewAnalytics: t...'.
